| RAM[0] | RAM[1] | RAM[2] | RAM[3] | RAM[4] | RAM[5] |RAM[256]|RAM[257]|RAM[258]|RAM[300]|RAM[301]|RAM[400]|RAM[401]|RAM[3000|RAM[3001|RAM[3010|RAM[3011|
|    256 |    300 |    400 |   -200 |   3010 |    100 |    100 |   -200 |      0 |      0 |      0 |      0 |      0 |      0 |      0 |      0 |      0 |
